// Jest Snapshot v1, https://goo.gl/fbAQLP

exports[`<LayoutComponent /> matches snapshot 1`] = `
<DocumentFragment>
  <div
    class="container"
  >
    <img
      alt="aircnc"
      src="images/logo.svg"
    />
    <main
      class="main"
    />
  </div>
</DocumentFragment>
`;
