// Jest Snapshot v1, https://goo.gl/fbAQLP

exports[`<SignInTemplate /> matches snapshot 1`] = `
<DocumentFragment>
  <div
    class="container"
  >
    <img
      alt="aircnc"
      src="images/logo.svg"
    />
    <main
      class="main"
    >
      <p
        class="description"
      >
        Offer 
        <strong>
          spots
        </strong>
         for software developers and find
        <strong>
           talents
        </strong>
         for your company.
      </p>
      <form>
        <label
          for="email"
        >
          E-mail
          <input
            id="email"
            placeholder="Enter your e-mail address"
            type="email"
            value=""
          />
        </label>
        <button
          class="btn"
          type="submit"
        >
          Sign in
        </button>
      </form>
    </main>
  </div>
</DocumentFragment>
`;
